1
DJ White
CHA
2
0
2.0
0.0
10.183333333333334
1.0
0.0
0.0
0.0
0.0
2.0
1.0
0.0
0.0
1.0
0.0

2
Melvin Ely
NOP
2
0
1.0
0.0
27.25
2.5
0.5
0.0
0.0
0.0
1.0
0.0
1.0
0.0
5.0
6.0

3
Scotty Hopson
CLE
2
0
0.0
1.0
6.766666666666667
-1.0
0.0
0.0
0.5
0.0
0.0
1.0
0.0
0.0
0.0
1.0

4
Adonis Thomas
PHI
6
1
3.0
3.0
37.583333333333336
1.8333333333333333
0.42857142857142855
0.2
1.0
0.0
3.0
0.0
0.0
1.0
6.0
14.0

5
Damion James
SAS
5
1
12.0
3.0
50.35
2.8
0.2222222222222222
0.0
1.0
1.0
11.0
0.0
1.0
1.0
3.0
6.0

6
James Southerland
NOP
4
0
8.0
0.0
29.933333333333334
3.25
0.3333333333333333
0.5
0.5
0.0
8.0
1.0
2.0
1.0
3.0
14.0

7
Josh Powell
HOU
1
0
5.0
0.0
19.366666666666667
5.0
0.3333333333333333
0.0
0.0
0.0
5.0
0.0
1.0
1.0
1.0
4.0

8
Keith Bogans
BOS
6
0
3.0
3.0
55.21666666666667
2.5
0.5
0.5
1.0
0.0
3.0
1.0
0.0
1.0
2.0
12.0

9
Othyus Jeffers
MIN
6
1
9.0
1.0
46.7
2.3333333333333335
0.5
0.0
0.75
1.0
8.0
0.0
0.0
1.0
3.0
9.0

10
Robert Covington
HOU
7
0
5.0
0.0
33.833333333333336
2.0
0.42857142857142855
0.36363636363636365
0.0
2.0
3.0
2.0
0.0
1.0
3.0
16.0

11
Erik Murphy
CHI
24
0
8.0
2.0
62.18333333333333
0.3333333333333333
0.23076923076923078
0.0
0.0
2.0
6.0
0.0
4.0
2.0
7.0
6.0

12
Jared Cunningham
SAC
13
0
6.0
8.0
80.16666666666667
1.7692307692307692
0.2857142857142857
0.14285714285714285
0.8125
1.0
5.0
3.0
0.0
2.0
16.0
26.0

13
Ricky Ledo
DAL
11
0
2.0
2.0
33.18333333333333
1.0
0.35294117647058826
0.375
1.0
0.0
2.0
1.0
0.0
2.0
2.0
19.0

14
Ronnie Brewer
CHI
24
3
14.0
10.0
160.3
0.9166666666666666
0.2
0.125
0.0
2.0
12.0
6.0
1.0
2.0
4.0
7.0

15
Allen Crabbe
POR
15
0
9.0
6.0
99.78333333333333
1.7333333333333334
0.36363636363636365
0.42857142857142855
0.75
1.0
8.0
2.0
1.0
3.0
10.0
33.0

16
Chris Babb
BOS
14
0
17.0
3.0
132.31666666666666
1.6428571428571428
0.26666666666666666
0.2222222222222222
0.0
4.0
13.0
6.0
0.0
3.0
13.0
22.0

17
Joel Anthony
BOS
33
0
38.0
2.0
186.15
1.696969696969697
0.375
0.0
0.5
15.0
23.0
3.0
12.0
3.0
17.0
28.0

18
Troy Daniels
HOU
5
1
4.0
5.0
74.8
6.4
0.4838709677419355
0.48
0.0
0.0
4.0
0.0
0.0
3.0
6.0
42.0

19
Carrick Felix
CLE
7
0
6.0
4.0
38.1
2.4285714285714284
0.5
0.4
0.75
1.0
5.0
0.0
0.0
4.0
4.0
19.0

20
James Jones
MIA
20
6
23.0
8.0
235.7
4.5
0.45588235294117646
0.5185185185185185
0.6363636363636364
2.0
21.0
3.0
4.0
4.0
6.0
97.0

21
Justin Hamilton
MIA
8
0
7.0
0.0
72.08333333333333
2.875
0.45
0.3333333333333333
1.0
4.0
3.0
5.0
0.0
4.0
8.0
26.0

22
Tony Mitchell
MIL
24
0
27.0
3.0
88.86666666666666
1.9583333333333333
0.47058823529411764
0.5
0.5789473684210527
16.0
11.0
7.0
3.0
4.0
9.0
28.0

23
Austin Daye
SAS
22
1
27.0
8.0
148.21666666666667
2.5454545454545454
0.35294117647058826
0.32432432432432434
0.6
5.0
22.0
4.0
4.0
5.0
18.0
66.0

24
Casper Ware
PHI
9
0
9.0
10.0
115.76666666666667
5.0
0.42857142857142855
0.3333333333333333
0.8333333333333334
0.0
9.0
8.0
0.0
5.0
11.0
48.0

25
Chris Wright
MIL
8
0
20.0
5.0
125.51666666666667
7.125
0.6
0.0
0.4
10.0
10.0
7.0
5.0
5.0
17.0
48.0

26
Greg Smith
HOU
11
0
27.0
0.0
100.28333333333333
4.545454545454546
0.6428571428571429
0.0
0.4
11.0
16.0
1.0
2.0
5.0
17.0
38.0

27
Julyan Stone
TOR
21
0
20.0
12.0
120.06666666666666
1.7619047619047619
0.4117647058823529
0.25
0.6666666666666666
2.0
18.0
3.0
0.0
5.0
13.0
18.0

28
Mike James
CHI
11
0
7.0
17.0
77.11666666666666
1.2727272727272727
0.23809523809523808
0.2
0.0
0.0
7.0
2.0
0.0
5.0
11.0
11.0

29
Shavlik Randolph
PHX
14
0
25.0
1.0
94.95
2.357142857142857
0.5
0.0
0.5454545454545454
7.0
18.0
3.0
1.0
5.0
15.0
20.0

30
Steve Novak
TOR
54
1
57.0
13.0
538.85
3.2037037037037037
0.410958904109589
0.4262295081967213
1.0
7.0
50.0
12.0
4.0
5.0
44.0
178.0

31
Dionte Christmas
PHX
31
0
38.0
8.0
197.86666666666667
2.2580645161290325
0.3548387096774194
0.2903225806451613
0.75
13.0
25.0
2.0
3.0
6.0
19.0
71.0

32
Hilton Armstrong
GSW
15
1
47.0
5.0
96.6
4.0
0.47368421052631576
0.0
0.4375
19.0
28.0
4.0
4.0
6.0
11.0
25.0

33
Arnett Moultrie
PHI
12
2
35.0
2.0
187.05
4.583333333333333
0.42105263157894735
0.0
0.8
11.0
24.0
8.0
4.0
7.0
22.0
36.0

34
Charlie Villanueva
DET
20
0
34.0
6.0
179.66666666666666
3.55
0.3804347826086957
0.25
0.5714285714285714
6.0
28.0
4.0
5.0
7.0
16.0
92.0

35
Jason Collins
BKN
22
1
19.0
4.0
172.05
1.6363636363636365
0.4583333333333333
0.0
0.75
7.0
12.0
8.0
1.0
7.0
30.0
25.0

36
Malcolm Thomas
UTA
8
0
21.0
2.0
58.85
2.625
0.4
0.25
0.0
5.0
16.0
0.0
3.0
7.0
4.0
13.0

37
JaVale McGee
DEN
5
5
17.0
2.0
79.48333333333333
6.6
0.4473684210526316
0.0
1.0
10.0
7.0
1.0
7.0
8.0
16.0
35.0

38
Carl Landry
SAC
18
1
57.0
5.0
232.96666666666667
5.611111111111111
0.5166666666666667
0.0
0.8235294117647058
15.0
42.0
3.0
1.0
9.0
34.0
76.0

39
Glen Rice Jr.
WAS
11
1
20.0
7.0
108.65
2.6363636363636362
0.2972972972972973
0.29411764705882354
0.7142857142857143
4.0
16.0
6.0
1.0
9.0
7.0
32.0

40
Bernard James
DAL
30
0
42.0
3.0
146.0
1.9
0.4782608695652174
0.0
0.5454545454545454
15.0
27.0
3.0
8.0
10.0
24.0
28.0

41
Dwight Buycks
TOR
14
0
23.0
10.0
144.36666666666667
2.857142857142857
0.3125
0.29411764705882354
0.8888888888888888
4.0
19.0
8.0
0.0
10.0
11.0
43.0

42
Jarvis Varnado
PHI
24
0
63.0
13.0
339.35
6.458333333333333
0.6
0.0
0.5192307692307693
19.0
44.0
10.0
29.0
10.0
62.0
99.0

43
Josh Harrellson
DET
32
0
76.0
15.0
317.35
4.65625
0.4634146341463415
0.3870967741935484
0.7142857142857143
30.0
46.0
6.0
15.0
10.0
44.0
93.0

44
Ognjen Kuzmic
GSW
21
0
21.0
2.0
92.45
1.0
0.38461538461538464
0.0
0.45454545454545453
10.0
11.0
3.0
4.0
10.0
17.0
15.0

45
Robbie Hummel
MIN
53
5
132.0
23.0
650.1166666666667
4.377358490566038
0.3785310734463277
0.3595505617977528
0.9375
35.0
97.0
15.0
2.0
10.0
57.0
181.0

46
Gigi Datome
DET
34
0
46.0
11.0
237.55
2.088235294117647
0.35051546391752575
0.1794871794871795
0.8
14.0
32.0
6.0
1.0
11.0
20.0
83.0

47
Jamaal Franklin
MEM
21
0
23.0
6.0
161.51666666666668
1.9047619047619047
0.41025641025641024
0.45454545454545453
1.0
4.0
19.0
4.0
2.0
11.0
23.0
39.0

48
John Jenkins
ATL
13
0
22.0
11.0
157.55
2.923076923076923
0.38095238095238093
0.2222222222222222
1.0
3.0
19.0
1.0
1.0
11.0
11.0
40.0

49
Landry Fields
TOR
30
2
59.0
20.0
318.3
3.3666666666666667
0.40298507462686567
0.0
0.6363636363636364
15.0
44.0
10.0
3.0
11.0
24.0
68.0

50
Rasual Butler
IND
50
2
41.0
17.0
378.23333333333335
2.68
0.4636363636363636
0.41935483870967744
0.5714285714285714
6.0
35.0
7.0
9.0
11.0
30.0
136.0

