1
Anthony Davis
NOP
31
0
326.0
48.0
66082.0
0.6
0.0
0.8
84.0
242.0
51.0
90.0
41.0
62.0
751.0

2
Blake Griffin
LAC
33
0
258.0
164.0
69941.0
0.5
0.4
0.7
66.0
192.0
27.0
17.0
82.0
100.0
739.0

3
LeBron James
CLE
29
0
153.0
221.0
64992.0
0.5
0.4
0.7
19.0
134.0
39.0
23.0
111.0
50.0
723.0

4
Carmelo Anthony
NYK
30
0
195.0
93.0
64446.0
0.5
0.3
0.8
55.0
140.0
24.0
11.0
68.0
68.0
714.0

5
LaMarcus Aldridge
POR
29
0
303.0
54.0
61909.0
0.5
0.5
0.8
77.0
226.0
20.0
35.0
49.0
50.0
656.0

6
Jimmy Butler
CHI
30
0
182.0
94.0
71394.0
0.5
0.3
0.8
60.0
122.0
47.0
21.0
44.0
58.0
646.0

7
Rudy Gay
SAC
30
0
180.0
135.0
64346.0
0.4
0.4
0.9
42.0
138.0
36.0
16.0
78.0
67.0
616.0

8
Gordon Hayward
UTA
32
0
164.0
131.0
67861.0
0.5
0.4
0.8
14.0
150.0
42.0
11.0
83.0
63.0
614.0

9
Tobias Harris
ORL
33
0
231.0
68.0
69733.0
0.5
0.4
0.8
36.0
195.0
33.0
19.0
64.0
82.0
607.0

10
Dirk Nowitzki
DAL
31
0
179.0
67.0
53672.0
0.5
0.3
0.9
17.0
162.0
16.0
15.0
37.0
64.0
567.0

11
Chris Bosh
MIA
25
0
204.0
50.0
52948.0
0.5
0.4
0.8
28.0
176.0
27.0
19.0
53.0
38.0
534.0

12
Jeff Green
BOS
29
0
122.0
45.0
57016.0
0.5
0.3
0.8
21.0
101.0
24.0
11.0
49.0
56.0
527.0

13
Paul Millsap
ATL
31
0
251.0
100.0
62024.0
0.5
0.3
0.7
53.0
198.0
60.0
29.0
69.0
81.0
520.0

14
Kevin Love
CLE
31
0
312.0
73.0
66247.0
0.4
0.3
0.8
58.0
254.0
23.0
14.0
57.0
70.0
519.0

15
Tyreke Evans
NOP
31
0
161.0
169.0
63528.0
0.4
0.3
0.7
30.0
131.0
41.0
10.0
85.0
77.0
515.0

16
Markieff Morris
PHX
34
0
197.0
70.0
61699.0
0.5
0.3
0.8
40.0
157.0
42.0
18.0
67.0
97.0
510.0

17
Chandler Parsons
DAL
32
0
161.0
73.0
62262.0
0.5
0.4
0.7
34.0
127.0
28.0
11.0
37.0
65.0
509.0

18
Pau Gasol
CHI
29
0
319.0
77.0
60058.0
0.5
0.3
0.8
71.0
248.0
12.0
58.0
59.0
51.0
500.0

19
Ryan Anderson
NOP
32
31
168.0
31.0
55303.0
0.4
0.3
0.9
67.0
101.0
19.0
7.0
29.0
69.0
496.0

20
Serge Ibaka
OKC
33
0
235.0
29.0
63914.0
0.5
0.4
0.8
67.0
168.0
9.0
74.0
54.0
97.0
487.0

21
Gerald Green
PHX
34
32
97.0
44.0
44918.0
0.4
0.4
0.9
19.0
78.0
28.0
6.0
56.0
81.0
473.0

22
Luol Deng
MIA
31
0
150.0
55.0
60777.0
0.5
0.4
0.7
43.0
107.0
38.0
9.0
43.0
51.0
455.0

23
Derrick Favors
UTA
29
0
241.0
45.0
53303.0
0.6
0.0
0.7
83.0
158.0
19.0
46.0
41.0
78.0
453.0

24
Wilson Chandler
DEN
32
2
188.0
41.0
58779.0
0.4
0.4
0.8
35.0
153.0
21.0
16.0
52.0
100.0
453.0

25
Arron Afflalo
DEN
32
0
111.0
54.0
61647.0
0.4
0.3
0.8
13.0
98.0
14.0
2.0
43.0
70.0
450.0

26
Tim Duncan
SAS
29
0
297.0
88.0
53303.0
0.5
0.0
0.7
70.0
227.0
28.0
58.0
60.0
66.0
439.0

27
Al Horford
ATL
30
0
192.0
83.0
53602.0
0.5
0.3
0.8
41.0
151.0
18.0
44.0
36.0
51.0
435.0

28
Trevor Ariza
HOU
31
0
185.0
62.0
69830.0
0.4
0.3
0.8
36.0
149.0
54.0
5.0
54.0
79.0
416.0

29
Shabazz Muhammad
MIN
30
22
121.0
30.0
40022.0
0.5
0.5
0.7
55.0
66.0
14.0
7.0
24.0
38.0
415.0

30
Greg Monroe
DET
29
12
252.0
49.0
49464.0
0.5
0.0
0.7
81.0
171.0
21.0
7.0
59.0
54.0
413.0

31
Carlos Boozer
LAL
31
12
227.0
42.0
47751.0
0.5
0.0
0.6
57.0
170.0
16.0
4.0
37.0
88.0
407.0

32
Zach Randolph
MEM
26
0
281.0
31.0
47529.0
0.5
1.0
0.7
93.0
188.0
25.0
1.0
43.0
58.0
403.0

33
Danny Green
SAS
33
1
136.0
67.0
59272.0
0.4
0.4
0.9
22.0
114.0
46.0
39.0
46.0
70.0
398.0

34
Josh Smith
HOU
32
1
221.0
137.0
59308.0
0.4
0.2
0.5
54.0
167.0
44.0
51.0
82.0
92.0
397.0

35
Kyle Korver
ATL
31
0
128.0
94.0
61000.0
0.5
0.5
1.0
9.0
119.0
20.0
16.0
44.0
56.0
392.0

36
Giannis Antetokounmpo
MIL
33
10
193.0
71.0
53698.0
0.5
0.2
0.7
37.0
156.0
23.0
29.0
62.0
80.0
389.0

37
Jordan Hill
LAL
32
0
251.0
43.0
54800.0
0.5
0.0
0.8
98.0
153.0
15.0
30.0
38.0
74.0
385.0

38
Paul Pierce
WAS
30
0
132.0
66.0
47620.0
0.4
0.4
0.8
26.0
106.0
23.0
13.0
35.0
74.0
385.0

39
Jared Sullinger
BOS
29
0
229.0
65.0
48320.0
0.5
0.3
0.6
68.0
161.0
17.0
21.0
36.0
66.0
382.0

40
Terrence Ross
TOR
32
0
111.0
29.0
53959.0
0.4
0.4
0.9
17.0
94.0
21.0
10.0
30.0
61.0
375.0

41
Amar'e Stoudemire
NYK
28
15
202.0
30.0
44027.0
0.6
0.0
0.7
62.0
140.0
19.0
30.0
53.0
94.0
365.0

42
Draymond Green
GSW
30
0
239.0
101.0
58958.0
0.4
0.3
0.7
36.0
203.0
44.0
42.0
60.0
95.0
355.0

43
Marreese Speights
GSW
29
26
148.0
30.0
30716.0
0.5
0.0
0.8
53.0
95.0
8.0
21.0
34.0
80.0
353.0

44
Thaddeus Young
MIN
25
0
112.0
58.0
47505.0
0.4
0.3
0.5
30.0
82.0
43.0
12.0
41.0
60.0
353.0

45
Kelly Olynyk
BOS
29
16
158.0
58.0
44066.0
0.5
0.4
0.7
41.0
117.0
31.0
22.0
49.0
102.0
344.0

46
Solomon Hill
IND
33
1
147.0
77.0
62356.0
0.4
0.3
0.8
44.0
103.0
32.0
9.0
55.0
77.0
342.0

47
Marcus Morris
PHX
34
16
131.0
49.0
48074.0
0.5
0.4
0.6
29.0
102.0
20.0
8.0
26.0
81.0
341.0

48
Dwight Howard
HOU
19
0
216.0
30.0
37840.0
0.6
0.0
0.5
53.0
163.0
13.0
36.0
61.0
71.0
340.0

49
Kenneth Faried
DEN
29
2
233.0
38.0
45274.0
0.5
0.3
0.7
91.0
142.0
18.0
14.0
50.0
72.0
334.0

50
Kawhi Leonard
SAS
22
0
166.0
54.0
42164.0
0.5
0.3
0.8
30.0
136.0
44.0
17.0
38.0
46.0
333.0

