1
SAS
0.7560975609756098
95.97857557964421
109.76789132399823
102.30662937951197
0.22662298987492555
0.763396537510305
7.718361746843024
26.21265884956689

