1
PHI
E
steal
9.329268292682928

2
MIA
E
steal
8.914634146341463

3
MIN
W
steal
8.695121951219512

4
BKN
E
steal
8.597560975609756

5
DAL
W
steal
8.585365853658537

