1
POR
W
rebound
46.4390243902439

2
DEN
W
rebound
45.4390243902439

3
DET
E
rebound
45.3780487804878

4
GSW
W
rebound
45.30487804878049

5
HOU
W
rebound
45.24390243902439

