1
Peyton Siva
DET
G
score
2.25
9.857142857142858

2
Jason Collins
BKN
C
score
1.1363636363636365
5.044444444444445

3
Mike James
CHI
G
score
1.0
4.4

4
Glen Rice Jr.
WAS
F
score
2.909090909090909
4.2

5
Cole Aldrich
NYK
C
score
2.0
3.373333333333334

