1
LAC
W
score
107.92682926829268

2
HOU
W
score
107.67073170731707

3
MIN
W
score
106.92682926829268

4
POR
W
score
106.7439024390244

5
OKC
W
score
106.15853658536585

