1
IND
E
defendRebound
34.52439024390244

2
GSW
W
defendRebound
34.3780487804878

3
HOU
W
defendRebound
34.048780487804876

4
POR
W
defendRebound
33.97560975609756

5
OKC
W
defendRebound
33.890243902439025

