1
SAS
W
three
0.3969248291571754

2
DAL
W
three
0.38412360149174213

3
LAL
W
three
0.3809055118110236

4
WAS
E
three
0.38058823529411767

5
GSW
W
three
0.3799705449189985

