1
POR
W
penalty
0.8146417445482866

2
OKC
W
penalty
0.8058536585365854

3
DAL
W
penalty
0.7951529140219273

4
SAS
W
penalty
0.784841075794621

5
TOR
E
penalty
0.7838899803536346

