1
Allen Crabbe
POR
G
rebound
0.6
15.0

2
Austin Rivers
NOP
G
rebound
1.8695652173913044
2.878787878787879

3
Jason Collins
BKN
C
rebound
0.8636363636363636
2.777777777777778

4
Cole Aldrich
NYK
C
rebound
2.8043478260869565
2.553333333333333

5
Jared Cunningham
SAC
G
rebound
0.46153846153846156
2.2

