1
SAS
W
assist
25.158536585365855

2
ATL
E
assist
24.841463414634145

3
LAC
W
assist
24.585365853658537

4
LAL
W
assist
24.463414634146343

5
MIN
W
assist
23.914634146341463

