1
Al Jefferson
CHA
C
rebound
18.0

2
Cole Aldrich
NYK
C
rebound
16.0

3
Serge Ibaka
OKC
F
rebound
15.0

4
Zach Randolph
MEM
F
rebound
14.0

5
Jordan Hill
LAL
C
rebound
14.0

