1
Kevin Durant
OKC
F
score
42.0

2
Jordan Crawford
GSW
null
score
41.0

3
Jamal Crawford
LAC
G
score
34.0

4
Randy Foye
DEN
G
score
32.0

5
Kevin Martin
MIN
G
score
31.0

