1
Steve Blake
GSW
G
assist
15.0

2
Randy Foye
DEN
G
assist
11.0

3
Kendall Marshall
LAL
G
assist
11.0

4
Tyreke Evans
NOP
G
assist
10.0

5
Phil Pressey
BOS
G
assist
10.0

