1
DeAndre Jordan
LAC
C
rebound
13.585365853658537

2
Andre Drummond
DET
C
rebound
13.222222222222221

3
Kevin Love
MIN
C
rebound
12.493506493506494

4
Dwight Howard
HOU
F
rebound
12.154929577464788

5
DeMarcus Cousins
SAC
C
rebound
11.704225352112676

