1
Chris Paul
LAC
G
assist
10.693548387096774

2
Rajon Rondo
BOS
G
assist
9.8

3
Kendall Marshall
LAL
G
assist
8.833333333333334

4
Ty Lawson
DEN
G
assist
8.758064516129032

5
John Wall
WAS
G
assist
8.731707317073171

6
Ricky Rubio
MIN
G
assist
8.573170731707316

7
Stephen Curry
GSW
G
assist
8.538461538461538

8
Jrue Holiday
NOP
G
assist
7.823529411764706

9
Brandon Jennings
DET
G
assist
7.6125

10
Kyle Lowry
TOR
G
assist
7.417721518987341

11
Jameer Nelson
ORL
G
assist
6.985294117647059

12
Russell Westbrook
OKC
G
assist
6.934782608695652

13
Jeff Teague
ATL
G
assist
6.658227848101266

14
LeBron James
MIA
F
assist
6.337662337662338

15
Kobe Bryant
LAL
G
assist
6.333333333333333

16
Isaiah Thomas
SAC
G
assist
6.305555555555555

17
Michael Carter-Williams
PHI
G
assist
6.257142857142857

18
Deron Williams
BKN
G
assist
6.125

19
Kemba Walker
CHA
G
assist
6.123287671232877

20
James Harden
HOU
G
assist
6.109589041095891

21
Kyrie Irving
CLE
G
assist
6.084507042253521

22
Mike Conley
MEM
G
assist
6.041095890410959

23
Goran Dragic
PHX
G
assist
5.881578947368421

24
Monta Ellis
DAL
G
assist
5.7439024390243905

25
Steve Nash
LAL
G
assist
5.733333333333333

26
Tony Parker
SAS
G
assist
5.705882352941177

27
Trey Burke
UTA
G
assist
5.642857142857143

28
Raymond Felton
NYK
G
assist
5.615384615384615

29
Steve Blake
GSW
G
assist
5.581818181818182

30
Damian Lillard
POR
G
assist
5.573170731707317

