1
Chris Paul
LAC
G
assist
10.693548387096774

2
Rajon Rondo
BOS
G
assist
9.8

3
Kendall Marshall
LAL
G
assist
8.833333333333334

4
Ty Lawson
DEN
G
assist
8.758064516129032

5
John Wall
WAS
G
assist
8.731707317073171

