1
NOP
W
blockShot
6.365853658536586

2
OKC
W
blockShot
6.109756097560975

3
HOU
W
blockShot
5.621951219512195

4
DEN
W
blockShot
5.597560975609756

5
IND
E
blockShot
5.439024390243903

