1
MIA
E
shot
0.5015984654731458

2
SAS
W
shot
0.4861070488446914

3
LAC
W
shot
0.4744860227776956

4
DAL
W
shot
0.473753280839895

5
HOU
W
shot
0.47195269860521527

