1
POR
0.6585365853658537
96.28623147491412
110.86102426475675
106.96283980085862
0.2804610318331504
0.7469168900804289
5.763248192450725
24.115090848862884

2
CHA
0.524390243902439
93.52652146997389
103.55742629397335
103.29935369145709
0.21908526256352343
0.7762895411798233
6.475675564326268
23.18371996357147

3
MIL
0.18292682926829268
92.93248599497277
102.73652828060831
111.61914447756465
0.2714805485586342
0.7139880952380953
7.091098590339401
23.08258439718866

4
IND
0.6829268292682927
93.16428566850803
103.84226288521458
98.67878708077389
0.24858420268256334
0.7680412371134021
7.167635089068362
21.611442836693467

5
CLE
0.4024390243902439
94.16115396822607
104.31001326541234
107.50474047462717
0.27225130890052357
0.7580132832803927
7.451974441838044
22.483509191551505

