1
PHI
E
fault
16.365853658536587

2
HOU
W
fault
15.414634146341463

3
DEN
W
fault
15.365853658536585

4
GSW
W
fault
14.939024390243903

5
OKC
W
fault
14.829268292682928

