1
DET
E
offendRebound
14.585365853658537

2
MIN
W
offendRebound
12.475609756097562

3
POR
W
offendRebound
12.463414634146341

4
DEN
W
offendRebound
12.304878048780488

5
SAC
W
offendRebound
12.073170731707316

