1
DEN
W
foul
23.048780487804876

2
TOR
E
foul
22.817073170731707

3
OKC
W
foul
22.597560975609756

4
NOP
W
foul
22.5609756097561

5
SAC
W
foul
22.548780487804876

