1
Kevin Durant
OKC
F
score
31.925925925925927

2
Carmelo Anthony
NYK
F
score
27.22077922077922

3
LeBron James
MIA
F
score
27.064935064935064

4
Kevin Love
MIN
C
score
26.01298701298701

5
James Harden
HOU
G
score
25.246575342465754

