1
SAC
0.34146341463414637
95.55792732695977
105.17180814955363
108.1580470703897
0.2782462057335582
0.7656385125396368
7.487766674173694
19.742845189583722

2
PHX
0.5853658536585366
96.43018833176345
109.12734812362757
106.1677099355763
0.2640865110984633
0.7374539268500142
8.682204259559787
19.766606225197574

3
IND
0.6829268292682927
93.16428566850803
103.84226288521458
98.67878708077389
0.24858420268256334
0.7680412371134021
7.167635089068362
21.611442836693467

4
PHI
0.23170731707317074
100.74682611005245
98.7139976038133
110.0226786543757
0.24822881133560745
0.7232168229610685
9.339475052218974
21.631135955611818

5
DET
0.35365853658536583
95.9520515682201
105.31174564408462
109.42005970464731
0.31407563025210083
0.7344386271087842
8.755134057429851
21.784254409119125

