1
Hilton Armstrong
GSW
C
assist
0.3333333333333333
7.0

2
Mike Muscala
ATL
C
assist
0.35
6.5

3
Travis Outlaw
SAC
F
assist
0.7619047619047619
4.8

4
Lou Amundson
CHI
F
assist
0.3157894736842105
4.600000000000001

5
Isaiah Canaan
HOU
G
assist
1.0
3.9111111111111114

